// Jest Snapshot v1, https://goo.gl/fbAQLP

exports[`should render correctly 1`] = `
<section>
  <p>
    Lets do some math
  </p>
  <div
    className="Container"
  >
    <input
      className="output grid-element"
      onClick={[Function]}
      type="button"
      value="0"
    />
    <input
      className="grid-element"
      onClick={[Function]}
      type="button"
      value="AC"
    />
    <input
      className="grid-element"
      onClick={[Function]}
      type="button"
      value="+/-"
    />
    <input
      className="grid-element"
      onClick={[Function]}
      type="button"
      value="%"
    />
    <input
      className="grid-element operator"
      onClick={[Function]}
      type="button"
      value="รท"
    />
    <input
      className="grid-element"
      onClick={[Function]}
      type="button"
      value="7"
    />
    <input
      className="grid-element"
      onClick={[Function]}
      type="button"
      value="8"
    />
    <input
      className="grid-element"
      onClick={[Function]}
      type="button"
      value="9"
    />
    <input
      className="grid-element operator"
      onClick={[Function]}
      type="button"
      value="x"
    />
    <input
      className="grid-element"
      onClick={[Function]}
      type="button"
      value="4"
    />
    <input
      className="grid-element"
      onClick={[Function]}
      type="button"
      value="5"
    />
    <input
      className="grid-element"
      onClick={[Function]}
      type="button"
      value="6"
    />
    <input
      className="grid-element operator"
      onClick={[Function]}
      type="button"
      value="-"
    />
    <input
      className="grid-element"
      onClick={[Function]}
      type="button"
      value="1"
    />
    <input
      className="grid-element"
      onClick={[Function]}
      type="button"
      value="2"
    />
    <input
      className="grid-element"
      onClick={[Function]}
      type="button"
      value="3"
    />
    <input
      className="grid-element operator"
      onClick={[Function]}
      type="button"
      value="+"
    />
    <input
      className="grid-element zero-button"
      onClick={[Function]}
      type="button"
      value="0"
    />
    <input
      className="grid-element"
      onClick={[Function]}
      type="button"
      value="."
    />
    <input
      className="grid-element equal-sign"
      onClick={[Function]}
      type="button"
      value="="
    />
  </div>
</section>
`;
