// Jest Snapshot v1, https://goo.gl/fbAQLP

exports[`Should render input correctly 1`] = `
<input
  className="custom-class"
  onClick={[Function]}
  type="button"
  value="Test"
/>
`;
