// Jest Snapshot v1, https://goo.gl/fbAQLP

exports[`should render 1`] = `
<div
  className="quote"
>
  <h2>
    Daily Success Quotes
  </h2>
  <p>
    Loading...
  </p>
</div>
`;
